0
0
18446744073709551611
4
1
0
2
3
2
18446744073709551607
