18446744073709551611
1
6
6
18446744073709551609
3
7
3
4
9
