18446744073709551609
1
2
1
18446744073709551613
2
1
8
1
8
