0
18446744073709551611
2
9
6
5
7
18446744073709551607
8
1
