18446744073709551609
18446744073709551613
6561
5
2
5
225
5
2
7
