9
8
1
6
18446744073709551604
3
18446744073709551607
7
18446744073709551613
9
