0
18446744073709551615
4
3
18446744073709551613
18446744073709551612
1
18446744073709551609
3
9
