0
8
9
9
6
0
4
5
9
4
18446744073709551611
2
4
22
18446744073709551610
0
16
24
7
18446744073709551613
4
2
7
17
4
9
7
0
27
9
0
4
32
1
34
0
4
1
23104
3
3
18446744073709551575
42
12
7
5
2
47
48
1
8
1
0
0
18446744073709551609
7
0
5
59
0
7
1
1
8
8
65
3
67
68
74
70
4
72
3
5
18
0
1
78
5
6
8
6
9
8
1
7
87
9
2
18446744073709551526
0
1
8
5
0
100
8
6
2
