1
0
0
0
0
0
0
0
0
0
2
0
0
0
0
0
0
0
7
0
0
21
0
0
0
0
0
0
0
0
8
8
0
0
0
0
0
0
0
0
0
0
42
0
0
0
0
0
0
0
0
0
0
0
0
0
0
0
0
0
0
0
0
0
0
0
0
0
0
0
0
0
0
0
0
0
0
0
0
0
0
0
18446744073709551607
0
7056
0
0
9
0
0
1
0
0
0
0
0
0
18
2
0
