3
1
4
0
6
5
6
6
5
18446744073709551607
0
2
7
2
4
0
4
6
4
19
9
21
22
1
24
7
2
5
1
9
30
0
7
1
34
4
5
8
46
0
2
2
2
18446744073709551614
6
6
5
47
6
0
5
4
52
20
0
55
1
5
3
59
18446744073709551615
4
18446744073709551612
2
36
4
1
1
4
69
1
8
9
8
36
3
0
0
78
6
18446744073709551216
16
1
83
6
36
86
87
5
89
15
0
7
7
5
570
14
18
6
3
