2
0
0
9
5
7
6
3
18446744073709551612
7
6
8
16
4
14
0
18446744073709551598
3
0
2
18446744073709551614
2
9
1
18446744073709551592
3
4
6
1
2
30
9
18446744073709551615
18446744073709551612
9
8
3
6
18446744073709551608
3
8
0
2
0
5
18446744073709551610
0
18446744073709551612
0
18446744073709551611
250
51
5
0
3
8
7
6
4
7
61
61
1
9
64
65
9
2
68
1
70
2
3
4
74
7057
2
8
3
0
8
81
3
83
0
7
8
609
12
7
90
99
2
2
2
18446744073709551607
0
0
2
8
