9
6
2
1
2
1
1
3
9
9
8
2
4
7
14
15
0
4
15
6
7
7
22
4
7
6
7
6
4
7
4
9
32
3
34
35
2
5
0
2
6
2
2
7
6
0
5
3
48
9
50
3
6
0
2
0
54
1
0
4
0
0
7
1
18446744073709551552
6
5
6
18446744073709551548
69
38
3
9
7
18446744073709551611
9
81
77
3
6
2
81
18446744073709551608
4
3
8
2
5
2
3
9
3367
4
1
6
0
6
6
5
5
