1
0
8
6
5
0
9
8
72
8
10
1
18446744073709551596
9
5
2
4
5
2
18446744073709551597
8
8
4
23
7
5
18446744073709551607
0
18446744073709551614
7
30
4
4
8
0
3
8
37
7
6
4
82
0
5
4
9
8
2
16
4
18446744073709551566
51
4
53
2
11
0
5
0
7
4
18446744073709551610
62
5
64
1
2
8
2
9
70
71
72
1
0
0
7
9
8
6
0
4
82
8
8
9
6
3
5
7
3
1
1
9
94
8
1
2
9
6
