7
1
2
5
0
7
3
6
9
9
1
18446744073709551614
16
5
5
15
5
9
54
0
5
8
0
8
3
8
26
6
4
0
30
0
1
33
5
0
4
4
1
39
3
7
2016
3
7
1
9
6
4
49
4
2
0
4
162
55
6
1
18446744073709551614
1
3
4
7
7
8
9
1
67
2
1
4900
9
0
2
8
8
1
3
18446744073709551615
4
18446744073709551607
6
7
4
0
0
86
1
1
1
3
9
3
7
0
6
192
2
6
99
