0
5
4
1
4
3
18446744073709551614
7
5
3
10
7
3
10
14
135
8
3
7
3
2
3
18446744073709551600
18446744073709551614
35
4
2
8
3
2
2
6
4
42
34
6
3
18446744073709551609
48
3
4
41
3
2
50
9
46
86
18446744073709551613
4
2
9
52
4
0
0
4
1
1
0
8
61
7
10
1
9
66
2
68
6
70
0
7
8
34
4
76
9
78
161
80
7
91
15
12
5
7
2
18446744073709551615
18446744073709551612
5
7
2
8
0
95
6
5
8
99
