8
1
10
6
4
5
9
7
18446744073709551604
9
10
4
18446744073709551600
8
9
6
1
6
8
6
8
32
8
7
7
6
3
4
6
6
30
9
8
11
32
7
2
37
0
9
2
2
4
7
2
45
9
47
48
7
7
2
9
8
4
8
2
3
9
0
60
7
4
4
64
24
6
1
8
7
2
3
3
4
4
640
4
3
7
0
8
9
7
1
4
9
2
3
4
7
7
7
6
8
2
97
3
9
6
0
