37
0
0
0
0
0
0
0
8
0
0
0
0
0
7
0
0
0
0
0
0
0
2
0
0
0
0
0
5
5
0
7
0
0
0
0
0
0
0
0
0
0
0
0
0
3
0
5
0
0
18446744073709551610
0
0
0
0
0
0
0
0
0
0
0
0
0
0
0
0
0
0
0
0
0
0
0
0
0
0
18446744073709551611
0
0
0
0
0
0
0
0
0
0
92
0
0
0
0
0
0
0
0
0
0
0
