9
7
7
9
4
49
0
6
18446744073709551497
18446744073709551608
1
3
8
13
9
8
5
5
9
3
3
1
7
4
2
0
18446744073709551590
5
5
7
0
5
2
9
2
18446744073709551577
6
20
6
351
3
3
7
1849
1
5
8
6
1
7
2
8
6
4
1
3
3
18446744073709551559
58
3
6
3
8
5
3
18446744073709551609
66
5
12
69
2
2
18446744073709551614
8
5
75
4
3
78
8
4224
89
6
83
7
4
5
18446744073709551613
8
1
90
3
0
9
1
103
4
7
9604
99
