0
6
2
4
4
2
6
50
8
3
10
1
6
2
9
15
5
17
18446744073709551609
26
26
21
3
3
0
7
0
5
9
4
1
5
32
3
5
7
4
18446744073709551608
38
39
6
9
63
43
3
12
4
47
8
9
6
45
4
5
1
7
1
8
9
7
8
7
5
0
64
4
6
67
18
5
5
7
0
8
4
1
6
2
9
6
80
3
2
8
84
7
5
3
7
89
18446744073709551609
0
6
93
1
4
2
3
45
9
