2
7
8
2
8
4
9
24
8
8
3
8
12
2
2
18446744073709551613
1
0
0
0
2
3
4
18
1
8
1
3
28
2
30
8
32
7
34
1
36
37
18446744073709551607
18446744073709551595
18446744073709551615
0
42
43
16
1
18446744073709551610
2
3
7
3
9
5
48
18446744073709551581
0
56
2
6
81
60
2
9
0
7
9
8
5
28
5
3
71
2
8
74
2
3
109
7
18446744073709551552
18446744073709551537
3
5
2
3
0
86
0
8
9
6
7
63
93
9
1
18446744073709551610
1
98
5
