7
0
18446744073709551615
0
0
0
0
0
0
3
0
0
0
0
0
0
0
6
0
0
11
0
0
0
0
0
0
0
0
0
0
0
0
2
0
6
36
0
38
0
0
0
0
0
0
0
0
0
0
0
0
0
0
0
0
0
3
0
0
0
0
0
2
0
18446744073709551614
0
0
0
8
0
9
0
0
0
0
1
0
0
0
0
0
0
0
0
0
0
0
0
0
0
0
20
5
0
0
0
4
0
98
0
