0
0
7
7
4
6
23
4
0
1
8
18446744073709551604
4
1
14
3
0
17
1
1
5
0
6
5
9
18446744073709382866
26
3
4
4
3
4
3
33
8
35
9
2
8
41
3
41
2
1
44
10
7
9
2
8
6
7
8
4
2
5
7
57
58
3
6
2
24
3
7
4
9
4
8
5
70
0
9
5
0
13
9
2
9
4
18446744073709551536
0
82
8
1
18446744073709551613
4
5
4
4
120
3
7
2
7
0
7
4
6
0
