4
8
2
6
4
1
8
5
8
2
3
12
6
5
18446744073709551613
1
21
2
8
114
5
8
0
6
16
5
5
4
1
3
0
9
2
36
5
7
3
4
38
8
2
18446744073709551612
6
64
6
4
8
18446744073709551603
6
4
4
4
1
0
4
9
8
9
1
59
1
9
5
8
24
65
2
0
68
0
6
71
2
76
2
0
76
4
4
64
18446744073709551610
13
6
83
6
85
7
3
3
25
90
91
3
2
9
225
24
5
3
9
