0
0
0
0
0
0
0
0
0
0
0
0
5
0
0
0
0
5
0
0
0
0
0
0
0
0
0
0
0
0
0
0
3
0
0
0
15
0
0
0
7
41
0
0
0
0
0
0
0
0
0
0
0
0
0
0
0
0
0
0
0
0
0
0
0
0
5
0
0
0
0
0
360
0
0
3
0
0
0
79
0
0
0
0
0
0
0
0
0
0
0
0
0
0
10
0
0
0
0
0
