0
2
2
3
8
8
7
15
8
9
11
0
4
13
18446744073709551598
7
0
7
4
7
3
0
8
0
24
25
18446744073709551613
8
1
4
3
7
0
33
34
18446744073709551611
2
37
7
39
4
0
0
43
0
4
0
8
3
13
50
0
5
7
93
2
16
5
696
0
9
5
12
4
3
65
66
6
68
3
1
0
72
3
2
9
76
1
4
0
4
3
164
0
5
1
48
5
0
18446744073709551535
9
5
7
3
94
6
2
8
18446744073709551602
4
