0
0
0
0
0
0
0
0
0
0
0
0
0
0
0
0
16
0
0
0
0
0
18446744073709551613
0
0
0
0
0
0
9
0
0
0
9
1
0
0
0
0
0
0
8
42
0
0
18446744073709551614
0
47
7
0
0
0
0
0
0
0
0
0
0
0
0
0
1
0
0
0
0
0
0
0
0
0
0
0
0
0
0
4
0
4
0
0
0
0
4
0
0
0
0
89
2
1
0
0
0
0
0
0
0
0
