0
0
0
0
0
0
0
5
0
0
0
0
0
0
0
0
0
6
0
5
0
0
0
0
0
0
0
6
0
0
0
8
0
0
0
0
0
3
6
0
0
0
0
0
0
0
0
0
0
0
50
0
0
0
0
0
0
0
0
0
0
61
0
0
0
0
0
0
0
4
0
0
0
0
0
9
0
0
0
0
18446744073709551608
0
0
15
0
0
0
0
6
0
0
0
0
0
0
0
0
18446744073709551609
0
0
