0
0
8
0
0
0
0
0
0
0
0
0
0
0
0
0
0
0
0
9
0
21
0
0
0
0
0
0
28
0
0
18446744073709551615
8
0
0
4
0
0
0
0
0
0
4
0
0
0
0
0
0
0
8
5
0
0
0
0
0
0
0
0
0
0
0
0
0
0
0
0
0
0
3
0
49
0
0
7
0
0
2
0
0
0
0
0
0
0
0
0
1
0
0
0
0
0
7
3
0
0
0
0
