0
1
4
5
4
3
6
0
9
9
10
5
7
2
14
2
0
9
18
5
20
4
6
18446744073709551586
18446744073709551612
25
2
8
3
9
8
1
5
8
4
3
4
2
4
7
3
3
42
3
0
7
4
423
8
49
9
5
8
0
18446744073709551611
3
8
6
9
5
9
1
4
9
7
16
12
18446744073709551615
7
6
3
2
7
88
2
1
0
1
7
5
9
81
1
83
84
12
3
9
1
9
0
1
92
3
18446744073709551607
3
6
13
18446744073709551613
2700
