0
1
4
3
3
5
9
7
6
18446744073709551598
7
4
4
3
4
1
16
20
18446744073709551614
19
7
21
22
2
9
6
2
0
7
2
1
2
18446744073709551574
2
5
2
18446744073709551580
37
0
0
0
0
42
2
2
4
46
3
18446744073709551607
16
3
4
1
1
4
55
5
16
1
1
18446744073709551607
8
7
8
64
1
18446744073709551608
7
6
2
5
71
1
0
74
4
2
2
7
3
7
85
7
6
5
8
7
87
88
1
3
5
0
5
5
18
48
9
18446744073709551615
99
