5
5
1
4
2
9
4
1
1
18446744073709551607
4
66
6
13
9
7
9
7
0
19
18446744073709551130
3
22
6
2
0
26
7
2
1
4
0
6
6
18446744073709551613
0
2
14
0
41
18446744073709551600
8
42
43
5
225
8
2
48
9
0
51
9
12
54
7
56
57
7
18446744073709551614
9
61
62
63
5
0
5
4
0
3
5
7
6
5
75
9
108
77
9
1
7
81
328
8
5
18446744073709551256
1
14
3
6
4
4
4
6
6
2
8
8
1
18446744073709551613
