6
3
9
3
4
18446744073709551606
4
9
7
4
5
3
2
13
14
2
5
17
3
4
3
2
0
4
7
2
7
0
5
9
7
4
32
4
6
2
36
37
7
18446744073709551607
6
41
5
2
0
45
0
9
2
49
4
9
6
106
6
9
8
72
0
59
7
61
8
72
4
65
5
9
5
8
5
71
8
3
8
6
8
77
9
5
9
2
7
0
2
1
4
87
88
89
18446744073709551611
4
8
18446744073709551611
8
95
5
18446744073709551615
2
4
