7
5
9
9
7
4
9
54
74
9
8
8
6
4
3
8
72
17
5
6
3
6
22
4
0
3
8
4
28
8
30
0
2
9
10
18446744073709551586
2
4
76
5
0
0
50
7
44
2
0
0
48
2
18446744073709551611
9
0
18446744073709551611
18446744073709551608
15
6
3
28
8
60
6
5
9
6
9
6
6
3
69
6
2
18446744073709551544
6
1
8
5
0
0
4
9
6
0
9
8
8
2
6
3
6
90
91
0
9
94
18446744073709551612
0
3
7
18446744073709551610
