5
9
8
4
4
18446744073709551612
6
9
1
9
5
0
1
7
5
1
16
9
7
15
0
9
1
0
24
18446744073709551614
2
30
7
121945
13
3
14
18446744073709551583
8
8
5
1
76
39
8
1
42
9
2
6
4
47
3
1
50
3
9
111
40
55
9
8
1
59
0
8
8
18446744073709551535
7
2
6
67
68
3
2
18446744073709551608
5
5
18446744073709551609
75
1
5
6
2
1
23
4
18446744073709551612
8
85
4
0
3
89
5
3
5
3
5
0
12
7
196
4
