18446744073709551607
0
0
0
0
0
5
0
0
0
0
0
0
0
0
0
0
0
0
0
0
0
0
0
0
0
0
0
0
0
9
0
0
0
0
0
0
6
0
0
0
0
0
0
0
0
46
0
0
0
0
0
0
0
0
0
0
0
0
0
0
0
0
0
9
0
5
0
0
0
8
0
0
0
0
0
76
0
4
0
0
0
0
0
0
0
0
0
5
0
0
2
0
1
0
0
0
0
0
0
