7
3
3
2
10
1
1
18446744073709551611
5
9
8
0
18446744073709551610
14
7
1
9
17
0
24
20
32
1
7
0
18446744073709551591
2
6
3
4
9
6
32
5
8
2
2
4
8
312
18446744073709551615
2
6
18446744073709551614
7
9
9
0
8
6
18446744073709551566
0
18446744073709551581
12
0
1
1
6
9
7
6
33
4
7
69
65
0
7
18446744073709551553
7
6
9
0
18446744073709551612
74
7
8
0
3
1
5
2
8
6
7
18446744073709551610
3
4
88
18446744073709551527
5
5
0
18446744073709551611
94
104
6
7
8
99
