4
0
0
0
0
0
0
0
0
0
8
0
0
0
64
0
0
0
0
0
0
0
5
0
0
0
0
0
0
0
0
0
0
0
0
0
0
0
0
0
0
0
0
2
0
0
0
18446744073709551615
0
0
0
0
0
0
0
0
9
0
0
0
0
0
0
0
0
0
66
0
0
0
0
18446744073709551613
0
30
0
0
0
0
0
8
0
0
0
0
0
0
0
0
5
0
0
0
0
6
0
0
96
5
0
0
