8
0
0
0
0
0
9
21
0
0
0
0
0
0
0
15
0
1
0
0
0
0
0
0
0
0
0
0
0
0
0
0
0
0
34
1
0
0
0
0
0
0
0
0
0
18446744073709551611
0
0
0
0
0
0
0
0
0
0
0
2
0
0
0
7
0
0
0
0
0
0
0
0
0
0
0
0
0
0
0
18446744073709551539
0
1
0
0
0
0
0
0
0
0
0
0
18446744073709551613
8
0
0
0
0
0
0
0
0
