18446744073709551613
18446744073709551612
7
8
4
5
7
32
5
72
1
2
7
13
2
3
5
119
3
3
7
21
5
9
3
25
1
27
1
0
30
5
6
7
34
1
5
2
6
39
3
1
3
9
44
7
5
2
4
9
0
16
1
12
0
9
2
57
58
1
60
3
4
9
3
17
9
18446744073709551613
7
0
140
18446744073709548367
72
1
9
1
4
1
6
0
7
81
7
4
18446744073709551615
85
42
18446744073709551529
8
9
5
8
1448
7
94
18446744073709551607
1
1
3
4
