9
4
8
3
0
18446744073709551606
4
7
2
9
1
11
5
18446744073709551603
4
1
1
7
5
5
6
2
198
9
0
18446744073709551608
1
6
20
3
8
11
32
4
8
4
36
7
1482
6
38
1
0
8
44
8
6
4
0
7
6
7
7
53
2
55
6
57
0
59
60
11
7
63
3
18446744073709551615
1
9
8
69
18446744073709551614
7
2
18446744073709551581
49
75
5
0
0
0
5
0
7
8
3
9
86
2
88
14
5
1
4
9
9
18446744073709551611
2
18446744073709551609
1
99
