4
1
2
0
1
2
7
7
0
2
7
6
4
1
1
6
9
8
9
361
4
21
0
0
1
25
6
2
5
8
5
0
18446744073709551584
9
9
9
9
9
7
7
1
18446744073709551611
8
0
3
2
4
3
6
18446744073709551567
3
3
18446744073709551614
1
18446744073709551554
2
3
5
58
9
8
7
8
18446744073709551553
2
1
9
4
5
3
7
71
72
7
4
2
6
1
4
2
0
18446744073709551614
2
5
1
315
48
9
1
6
2
9
9
9
6
0
3
97
98
99
