7
7
1
7
4
1
6
6
1
18446744073709551535
5
2
5
63
0
3
6
2
18446744073709551611
28
20
1
5
1
2
5
5
0
1
29
30
0
22
2
6
35
2
37
5
0
7
5
5
8
5
6
184
47
6
49
1
2
52
35
6
8
2
3
58
7
1
8
5
70
7
3
18446744073709551484
8
4
4
4
3
4
73
76
1
76
0
8
2
6
18446744073709551611
3
1
5
1
9
87
7
4
90
8
6
111
94
4
101
5
98
18446744073709551607
