28
0
6
4
3
0
12
5
5
18446744073709551614
1
4
8
4
81
3
2
17
18
1
14
2
18
5
24
34
8
2
7
5
9
0
4
33
2
35
4
0
6
0
7
18
42
6
9
0
8
1
8
18446744073709551613
7
0
3
18446744073709551611
6
8
9
9
3
59
8
4
3
3
6
9
5
6
8
18446744073709551607
18446744073709551596
1
7
10
74
5
5
0
5
79
80
3
4
9
3
1
2
6
1848
0
8
7
7
9
6
8
18446744073709551567
3
18446744073709551609
18446744073709551608
