5
361
7
7
0
18446744073709551615
6
0
4
9
0
1
5
385
1
1
7
5
4
0
120
5
4
18446744073709551610
24
25
6
27
28
1
9
16
256
45
3
7
2
8
18446744073709551615
8
4
7
8
9
44
45
3
4
4
98
6
9
0
20
9
55
1
57
7
5
60
2562
6
8
3
9
2
4
3
0
9
3
3
13
0
7
3
8
3
6
83
81
82
7
5
4
3
5
6
7
90
0
0
4
2
1
18446744073709551520
2
0
5
